[neblonhacker.com/index.html]
[neblonhacker.com/t.src]
[backblue.gif]
[fade.gif]
[index.html]
[neblonhacker.com/wp-content/themes/twentytwentythree/assets/fonts/dm-sans/DMSans-Regular.woff2]
[neblonhacker.com/Firefox/index.html]
[neblonhacker.com/wp-content/themes/twentytwentythree/assets/fonts/dm-sans/DMSans-Regular-Italic.woff2]
[neblonhacker.com/wp-content/themes/twentytwentythree/assets/fonts/dm-sans/DMSans-Bold.woff2]
[neblonhacker.com/wp-content/themes/twentytwentythree/assets/fonts/dm-sans/DMSans-Bold-Italic.woff2]
[neblonhacker.com/wp-content/themes/twentytwentythree/assets/fonts/ibm-plex-mono/IBMPlexMono-Light.woff2]
[neblonhacker.com/feed/index.html]
[neblonhacker.com/wp-content/themes/twentytwentythree/assets/fonts/ibm-plex-mono/IBMPlexMono-Regular.woff2]
[neblonhacker.com/wp-content/themes/twentytwentythree/assets/fonts/ibm-plex-mono/IBMPlexMono-Italic.woff2]
[neblonhacker.com/wp-content/themes/twentytwentythree/assets/fonts/ibm-plex-mono/IBMPlexMono-Bold.woff2]
[neblonhacker.com/comments/feed/index.html]
[neblonhacker.com/wp-content/themes/twentytwentythree/assets/fonts/inter/Inter-VariableFont_slnt,wght.ttf]
[neblonhacker.com/wp-content/themes/twentytwentythree/assets/fonts/source-serif-pro/SourceSerif4Variable-Roman.ttf.woff2]
[neblonhacker.com/wp-content/themes/twentytwentythree/assets/fonts/source-serif-pro/SourceSerif4Variable-Italic.ttf.woff2]
[neblonhacker.com/wp-content/cache/min/1/wp-content/plugins/elementor/assets/lib/eicons/css/elementor-icons.min7504.css]
[neblonhacker.com/wp-content/plugins/elementor/assets/css/frontend-lite.min2f56.css]
[neblonhacker.com/wp-content/uploads/elementor/css/post-75528.css]
[neblonhacker.com/wp-content/plugins/elementor-pro/assets/css/frontend-lite.min007f.css]
[neblonhacker.com/wp-content/uploads/elementor/css/global8997.css]
[neblonhacker.com/wp-content/uploads/elementor/css/post-205dd1.css]
[neblonhacker.com/wp-content/plugins/wp-rocket/assets/img/youtube.png]
[neblonhacker.com/wp-content/plugins/elementor/assets/lib/font-awesome/css/fontawesome.min52d5.css]
[neblonhacker.com/wp-content/cache/min/1/wp-content/plugins/elementor/assets/lib/font-awesome/css/solid.min7504.css]
[neblonhacker.com/wp-json/index.html]
[neblonhacker.com/wp-json/wp/v2/pages/20.json]
[neblonhacker.com/xmlrpc0db0.php]
[neblonhacker.com/wp-json/oembed/1.0/embed152d.json]
[neblonhacker.com/wp-json/oembed/1.0/embedf5a9]
[neblonhacker.com/wp-content/uploads/2023/10/FAVICON-150x150.png]
[neblonhacker.com/wp-content/uploads/2023/10/FAVICON-300x300.png]
[neblonhacker.com/wp-content/uploads/2023/10/imagem-1.png]
[connect.facebook.net/en_US/fbevents.js]
[neblonhacker.com/wp-content/plugins/elementor/assets/css/widget-icon-list.min.css]
[neblonhacker.com/wp-content/uploads/2023/10/Agrupar-5.png]
[neblonhacker.com/wp-content/uploads/2023/10/Prova-01.png]
[neblonhacker.com/wp-content/uploads/2023/10/Prova-05.png]
[neblonhacker.com/wp-content/uploads/2023/10/Prova-04.png]
[neblonhacker.com/wp-content/uploads/2023/10/Prova-03.png]
[neblonhacker.com/wp-content/uploads/2023/10/Prova-02.png]
[neblonhacker.com/index.html]
[neblonhacker.com/wp-content/plugins/wp-rocket/assets/js/lazyload/17.5/lazyload.min.js]
[neblonhacker.com/t.html]
[neblonhacker.com/Firefox/index.html]
[neblonhacker.com/wp-content/plugins/elementor/assets/lib/eicons/fonts/eicons1ecc.eot]
[neblonhacker.com/wp-content/plugins/elementor/assets/lib/eicons/fonts/eicons1ecc.woff2]
[neblonhacker.com/wp-content/plugins/elementor/assets/lib/eicons/fonts/eicons1ecc.woff]
[neblonhacker.com/wp-content/plugins/elementor/assets/lib/eicons/fonts/eicons1ecc.ttf]
[neblonhacker.com/wp-content/cache/min/1/wp-content/plugins/elementor/assets/lib/eicons/css/elementor-icons.min7504.css]
[neblonhacker.com/wp-content/plugins/elementor/assets/css/frontend-lite.min2f56.css]
[neblonhacker.com/wp-content/uploads/elementor/css/post-75528.css]
[neblonhacker.com/wp-content/plugins/elementor-pro/assets/css/frontend-lite.min007f.css]
[neblonhacker.com/wp-content/uploads/elementor/css/global8997.css]
[neblonhacker.com/wp-content/plugins/elementor/assets/lib/eicons/fonts/eicons1ecc.svg]
[neblonhacker.com/wp-content/uploads/2023/10/DESKTOP01.jpg]
[neblonhacker.com/wp-content/uploads/2023/10/DESKTOP02.jpg]
[neblonhacker.com/wp-content/uploads/2023/10/DESKTOP03.jpg]
[neblonhacker.com/wp-content/uploads/2023/10/DESKTOP04.jpg]
[neblonhacker.com/wp-content/uploads/2023/10/MOBILE01.jpg]
[neblonhacker.com/wp-content/uploads/2023/10/MOBILE02.2-scaled.jpg]
[neblonhacker.com/wp-content/uploads/2023/10/Sora-Thin.ttf]
[neblonhacker.com/wp-content/uploads/2023/10/Sora-ExtraLight.ttf]
[neblonhacker.com/wp-content/uploads/2023/10/Sora-Light.ttf]
[neblonhacker.com/wp-content/uploads/2023/10/Sora-Regular.ttf]
[neblonhacker.com/wp-content/uploads/2023/10/Sora-Medium.ttf]
[neblonhacker.com/wp-content/uploads/2023/10/Sora-SemiBold.ttf]
[neblonhacker.com/wp-content/uploads/2023/10/Sora-Bold.ttf]
[neblonhacker.com/wp-content/uploads/2023/10/Sora-ExtraBold.ttf]
[neblonhacker.com/wp-content/uploads/elementor/css/post-205dd1.css]
[neblonhacker.com/wp-content/plugins/elementor/assets/lib/font-awesome/css/fontawesome.min52d5.css]
[neblonhacker.com/wp-content/plugins/elementor/assets/lib/font-awesome/webfonts/fa-solid-900.eot]
[neblonhacker.com/wp-content/plugins/elementor/assets/lib/font-awesome/webfonts/fa-solid-900d41d.eot]
[neblonhacker.com/wp-content/plugins/elementor/assets/lib/font-awesome/webfonts/fa-solid-900.woff2]
[neblonhacker.com/wp-content/plugins/elementor/assets/lib/font-awesome/webfonts/fa-solid-900.woff]
[neblonhacker.com/wp-content/plugins/elementor/assets/lib/font-awesome/webfonts/fa-solid-900.ttf]
[neblonhacker.com/wp-content/cache/min/1/wp-content/plugins/elementor/assets/lib/font-awesome/css/solid.min7504.css]
[www.googletagmanager.com/gtm5445.html]
[neblonhacker.com/wp-content/plugins/elementor/assets/lib/font-awesome/webfonts/fa-solid-900.svg]
[neblonhacker.com/a]
[neblonhacker.com/POST]
[neblonhacker.com/b.resolvedLink]
[neblonhacker.com/schema.org/index.html]
[neblonhacker.com/signals/iwl.js]
[connect.facebook.net/en_US/fbevents.js]
[neblonhacker.com/wp-content/plugins/elementor/assets/css/widget-icon-list.min.css]
[neblonhacker.com/wp-content/plugins/wp-rocket/assets/js/lazyload/17.5/lazyload.min.js]
[neblonhacker.com/wp-content/plugins/elementor/assets/lib/eicons/fonts/eicons1ecc.svg]
[neblonhacker.com/wp-content/plugins/elementor/assets/lib/font-awesome/webfonts/fa-solid-900.svg]
[neblonhacker.com/a.html]
[neblonhacker.com/POST.html]
[neblonhacker.com/schema.org/index.html]
[neblonhacker.com/b.html]
[neblonhacker.com/signals/iwl.html]
